// Jest Snapshot v1, https://goo.gl/fbAQLP

exports[`Header Testing Match Snapshot 1`] = `
<section
  className="header"
>
  <figure>
    <img
      alt="Pokemon Logo"
      src="test-file-stubs"
    />
  </figure>
  <h1>
    Pok√©mon
  </h1>
</section>
`;
