// Jest Snapshot v1, https://goo.gl/fbAQLP

exports[`Pokemon Item Testing Match Snapshot 1`] = `""`;
